{
  "version": "1.5.0",
  "plugins_used": [
    {
      "name": "ArtifactoryDetector"
    },
    {
      "name": "AWSKeyDetector"
    },
    {
      "name": "AzureStorageKeyDetector"
    },
    {
      "name": "Base64HighEntropyString",
      "limit": 4.5
    },
    {
      "name": "BasicAuthDetector"
    },
    {
      "name": "CloudantDetector"
    },
    {
      "name": "DiscordBotTokenDetector"
    },
    {
      "name": "GitHubTokenDetector"
    },
    {
      "name": "GitLabTokenDetector"
    },
    {
      "name": "HexHighEntropyString",
      "limit": 3.0
    },
    {
      "name": "IbmCloudIamDetector"
    },
    {
      "name": "IbmCosHmacDetector"
    },
    {
      "name": "IPPublicDetector"
    },
    {
      "name": "JwtTokenDetector"
    },
    {
      "name": "KeywordDetector",
      "keyword_exclude": ""
    },
    {
      "name": "MailchimpDetector"
    },
    {
      "name": "NpmDetector"
    },
    {
      "name": "OpenAIDetector"
    },
    {
      "name": "PrivateKeyDetector"
    },
    {
      "name": "PypiTokenDetector"
    },
    {
      "name": "SendGridDetector"
    },
    {
      "name": "SlackDetector"
    },
    {
      "name": "SoftlayerDetector"
    },
    {
      "name": "SquareOAuthDetector"
    },
    {
      "name": "StripeDetector"
    },
    {
      "name": "TelegramBotTokenDetector"
    },
    {
      "name": "TwilioKeyDetector"
    }
  ],
  "filters_used": [
    {
      "path": "detect_secrets.filters.allowlist.is_line_allowlisted"
    },
    {
      "path": "detect_secrets.filters.common.is_baseline_file",
      "filename": ".secrets.baseline"
    },
    {
      "path": "detect_secrets.filters.common.is_ignored_due_to_verification_policies",
      "min_level": 2
    },
    {
      "path": "detect_secrets.filters.heuristic.is_indirect_reference"
    },
    {
      "path": "detect_secrets.filters.heuristic.is_likely_id_string"
    },
    {
      "path": "detect_secrets.filters.heuristic.is_lock_file"
    },
    {
      "path": "detect_secrets.filters.heuristic.is_not_alphanumeric_string"
    },
    {
      "path": "detect_secrets.filters.heuristic.is_potential_uuid"
    },
    {
      "path": "detect_secrets.filters.heuristic.is_prefixed_with_dollar_sign"
    },
    {
      "path": "detect_secrets.filters.heuristic.is_sequential_string"
    },
    {
      "path": "detect_secrets.filters.heuristic.is_swagger_file"
    },
    {
      "path": "detect_secrets.filters.heuristic.is_templated_secret"
    },
    {
      "path": "detect_secrets.filters.regex.should_exclude_file",
      "pattern": [
        "\\.env\\.example$|tests/|\\.pre-commit-config\\.yaml$|node_modules|\\.venv"
      ]
    }
  ],
  "results": {
    ".github/workflows/ci.yml": [
      {
        "type": "Secret Keyword",
        "filename": ".github/workflows/ci.yml",
        "hashed_secret": "206c80413b9a96c1312cc346b7d2517b84463edd",
        "is_verified": false,
        "line_number": 18
      },
      {
        "type": "Basic Auth Credentials",
        "filename": ".github/workflows/ci.yml",
        "hashed_secret": "206c80413b9a96c1312cc346b7d2517b84463edd",
        "is_verified": false,
        "line_number": 57
      },
      {
        "type": "Secret Keyword",
        "filename": ".github/workflows/ci.yml",
        "hashed_secret": "d804b3bb9bb72718e813b86d8cea0af9a2915e7b",
        "is_verified": false,
        "line_number": 57
      }
    ],
    "app/app/.env.production": [
      {
        "type": "Base64 High Entropy String",
        "filename": "app/app/.env.production",
        "hashed_secret": "1f46482c54920092eb2a22c082f9ee046a1adfd1",
        "is_verified": false,
        "line_number": 3
      }
    ],
    "app/app/server.cjs": [
      {
        "type": "Secret Keyword",
        "filename": "app/app/server.cjs",
        "hashed_secret": "e62f1d8670513d578b2077f2ad3720db27f2d049",
        "is_verified": false,
        "line_number": 8
      }
    ],
    "huh/backend/alembic/versions/5caab368c4bf_full_initial_schema.py": [
      {
        "type": "Hex High Entropy String",
        "filename": "huh/backend/alembic/versions/5caab368c4bf_full_initial_schema.py",
        "hashed_secret": "2064fe5f5c164135b7abe3cd08c93754b81c81b1",
        "is_verified": false,
        "line_number": 15
      }
    ],
    "huh/backend/app/cli.py": [
      {
        "type": "Secret Keyword",
        "filename": "huh/backend/app/cli.py",
        "hashed_secret": "59ee226d76929c353d1ec72476d825da6a808c96",
        "is_verified": false,
        "line_number": 220
      }
    ],
    "huh/backend/app/config.py": [
      {
        "type": "Secret Keyword",
        "filename": "huh/backend/app/config.py",
        "hashed_secret": "59ee226d76929c353d1ec72476d825da6a808c96",
        "is_verified": false,
        "line_number": 20
      }
    ],
    "huh/backend/app/routes/client_portal.py": [
      {
        "type": "Secret Keyword",
        "filename": "huh/backend/app/routes/client_portal.py",
        "hashed_secret": "b7fd1148c6b122248581aed28eb30a281cafe5eb",
        "is_verified": false,
        "line_number": 21
      }
    ],
    "huh/backend/app/routes/vendor_portal.py": [
      {
        "type": "Secret Keyword",
        "filename": "huh/backend/app/routes/vendor_portal.py",
        "hashed_secret": "9ef7a93eed34d4ba2ded0129eeaa0ecdfbfb7a9d",
        "is_verified": false,
        "line_number": 18
      }
    ],
    "huh/docker-compose.yml": [
      {
        "type": "Secret Keyword",
        "filename": "huh/docker-compose.yml",
        "hashed_secret": "afc848c316af1a89d49826c5ae9d00ed769415f3",
        "is_verified": false,
        "line_number": 9
      }
    ],
    "k8s/deployment.yaml": [
      {
        "type": "Secret Keyword",
        "filename": "k8s/deployment.yaml",
        "hashed_secret": "0ce03f88bfb37aaac8ffeaaa00b411eab104187e",
        "is_verified": false,
        "line_number": 179
      }
    ],
    "k8s/infrastructure.yaml": [
      {
        "type": "Basic Auth Credentials",
        "filename": "k8s/infrastructure.yaml",
        "hashed_secret": "fa9beb99e4029ad5a6615399e7bbae21356086b3",
        "is_verified": false,
        "line_number": 13
      }
    ]
  },
  "generated_at": "2026-06-09T01:23:04Z"
}
